[psdconverthtml.com/live/edupress/index.html]
[backblue.gif]
[fade.gif]
[index.html]
[psdconverthtml.com/live/edupress/images/favicon.ico]
[psdconverthtml.com/live/edupress/images/apple-touch-icon.png]
[psdconverthtml.com/live/edupress/images/apple-touch-icon-57x57.png]
[psdconverthtml.com/live/edupress/images/apple-touch-icon-72x72.png]
[psdconverthtml.com/live/edupress/images/apple-touch-icon-76x76.png]
[psdconverthtml.com/live/edupress/images/apple-touch-icon-114x114.png]
[psdconverthtml.com/live/edupress/images/apple-touch-icon-120x120.png]
[psdconverthtml.com/live/edupress/images/apple-touch-icon-144x144.png]
[psdconverthtml.com/live/edupress/images/apple-touch-icon-152x152.png]
[psdconverthtml.com/live/edupress/css/bootstrap.min.css]
[psdconverthtml.com/live/edupress/style.css]
[psdconverthtml.com/live/edupress/css/responsive.css]
[psdconverthtml.com/live/edupress/css/colors.css]
[psdconverthtml.com/live/edupress/css/custom.css]
[psdconverthtml.com/live/edupress/index-01.html]
[psdconverthtml.com/live/edupress/index-boxed.html]
[psdconverthtml.com/live/edupress/index-02.html]
[psdconverthtml.com/live/edupress/index-03.html]
[psdconverthtml.com/live/edupress/index-04.html]
[psdconverthtml.com/live/edupress/index-05.html]
[psdconverthtml.com/live/edupress/index-06.html]
[psdconverthtml.com/live/edupress/index-08.html]
[psdconverthtml.com/live/edupress/course-list.html]
[psdconverthtml.com/live/edupress/course-grid.html]
[psdconverthtml.com/live/edupress/course-filterable-3.html]
[psdconverthtml.com/live/edupress/index-07.html]
[psdconverthtml.com/live/edupress/course-filterable-4.html]
[psdconverthtml.com/live/edupress/course-filterable-5.html]
[psdconverthtml.com/live/edupress/course-sidebar.html]
[psdconverthtml.com/live/edupress/course-single.html]
[psdconverthtml.com/live/edupress/course-single-alt.html]
[psdconverthtml.com/live/edupress/course-quiz.html]
[psdconverthtml.com/live/edupress/course-checkout.html]
[psdconverthtml.com/live/edupress/member-profile.html]
[psdconverthtml.com/live/edupress/member-courses.html]
[psdconverthtml.com/live/edupress/member-achievements.html]
[psdconverthtml.com/live/edupress/member-messages.html]
[psdconverthtml.com/live/edupress/member-friends.html]
[psdconverthtml.com/live/edupress/member-profile-edit.html]
[psdconverthtml.com/live/edupress/member-login.html]
[psdconverthtml.com/live/edupress/member-register.html]
[psdconverthtml.com/live/edupress/forum-single.html]
[psdconverthtml.com/live/edupress/blog-archive.2c.delayed]
[psdconverthtml.com/live/edupress/upload/pager_04.jpg]
[psdconverthtml.com/live/edupress/upload/pager_05.jpg]
[psdconverthtml.com/live/edupress/upload/banner_01.jpg]
[psdconverthtml.com/live/edupress/page-about.html]
[psdconverthtml.com/live/edupress/forum.html]
[psdconverthtml.com/live/edupress/page-pricing.html]
[psdconverthtml.com/live/edupress/page-become-a-trainer.html]
[psdconverthtml.com/live/edupress/page-team.html]
[psdconverthtml.com/live/edupress/page-testimonials.html]
[psdconverthtml.com/live/edupress/page.html]
[psdconverthtml.com/live/edupress/page-fullwidth.html]
[psdconverthtml.com/live/edupress/page-sitemap.html]
[psdconverthtml.com/live/edupress/page-elements.html]
[psdconverthtml.com/live/edupress/blog.html]
[psdconverthtml.com/live/edupress/page-404.html]
[psdconverthtml.com/live/edupress/blog-1.html]
[psdconverthtml.com/live/edupress/blog-2.html]
[psdconverthtml.com/live/edupress/blog-3.html]
[psdconverthtml.com/live/edupress/blog-4.html]
[psdconverthtml.com/live/edupress/blog-single.html]
[psdconverthtml.com/live/edupress/blog-single-1.html]
[psdconverthtml.com/live/edupress/page-contact.html]
[psdconverthtml.com/live/edupress/upload/demo.jpg]
[psdconverthtml.com/live/edupress/images/icons/icon_01.png]
[psdconverthtml.com/live/edupress/images/icons/icon_02.png]
[psdconverthtml.com/live/edupress/upload/course_01.png]
[psdconverthtml.com/live/edupress/upload/course_02.png]
[psdconverthtml.com/live/edupress/upload/course_03.png]
[psdconverthtml.com/live/edupress/index.html]
[psdconverthtml.com/live/edupress/css/bootstrap.min.css]
[psdconverthtml.com/live/edupress/css/open-iconic.min.css]
[psdconverthtml.com/live/edupress/css/animate.css]
[psdconverthtml.com/live/edupress/css/carousel.css]
[psdconverthtml.com/live/edupress/css/bbpress.css]
[psdconverthtml.com/live/edupress/css/build/mediaelementplayer.min.css]
[psdconverthtml.com/live/edupress/images/bg.png]
[psdconverthtml.com/live/edupress/images/bg2.png]
[psdconverthtml.com/live/edupress/images/icons/macbook.png]
[psdconverthtml.com/live/edupress/images/icons/ipad_01.png]
[psdconverthtml.com/live/edupress/images/icons/ipad.png]
[psdconverthtml.com/live/edupress/images/icons/iphone.png]
[psdconverthtml.com/live/edupress/images/icons/icon-user.png]
[psdconverthtml.com/live/edupress/images/icons/img/icon-email.69.delayed]
[psdconverthtml.com/live/edupress/images/icons/img/icon-lock.png]
[psdconverthtml.com/live/edupress/images/icons/blankmacbook.png]
[psdconverthtml.com/live/edupress/style.css]
[psdconverthtml.com/live/edupress/css/responsive.css]
[psdconverthtml.com/live/edupress/css/colors.css]
[psdconverthtml.com/live/edupress/css/custom.css]
[psdconverthtml.com/live/edupress/upload/demo_02.jpg]
[psdconverthtml.com/live/edupress/index-boxed.html]
[psdconverthtml.com/live/edupress/upload/demo_03.jpg]
[psdconverthtml.com/live/edupress/index-01.html]
[psdconverthtml.com/live/edupress/images/icons/darkicon_01.png]
[psdconverthtml.com/live/edupress/images/icons/darkicon_02.png]
[psdconverthtml.com/live/edupress/images/icons/darkicon_03.png]
[psdconverthtml.com/live/edupress/images/icons/darkicon_04.png]
[psdconverthtml.com/live/edupress/images/icons/darkicon_05.png]
[psdconverthtml.com/live/edupress/images/icons/darkicon_06.png]
[psdconverthtml.com/live/edupress/images/icons/darkicon_07.png]
[psdconverthtml.com/live/edupress/images/icons/darkicon_08.png]
[psdconverthtml.com/live/edupress/upload/blog_06.jpg]
[psdconverthtml.com/live/edupress/upload/blog_05.jpg]
[psdconverthtml.com/live/edupress/upload/blog_04.jpg]
[psdconverthtml.com/live/edupress/upload/awards_01.png]
[psdconverthtml.com/live/edupress/upload/awards_02.png]
[psdconverthtml.com/live/edupress/upload/awards_03.png]
[psdconverthtml.com/live/edupress/upload/awards_04.png]
[psdconverthtml.com/live/edupress/index-02.html]
[psdconverthtml.com/live/edupress/upload/demo_05.jpg]
[psdconverthtml.com/live/edupress/images/icons/lighticon_01.png]
[psdconverthtml.com/live/edupress/images/icons/lighticon_02.png]
[psdconverthtml.com/live/edupress/images/icons/lighticon_03.png]
[psdconverthtml.com/live/edupress/upload/awards_05.png]
[psdconverthtml.com/live/edupress/upload/awards_06.png]
[psdconverthtml.com/live/edupress/index-03.html]
[psdconverthtml.com/live/edupress/upload/demo_01.jpg]
[psdconverthtml.com/live/edupress/upload/demo_06.jpg]
[psdconverthtml.com/live/edupress/index-04.html]
[psdconverthtml.com/live/edupress/upload/slider_01.jpg]
[psdconverthtml.com/live/edupress/upload/slider_02.jpg]
[psdconverthtml.com/live/edupress/js/slider.js]
[psdconverthtml.com/live/edupress/index-05.html]
[psdconverthtml.com/live/edupress/upload/demo_07.jpg]
[psdconverthtml.com/live/edupress/js/scroll.js]
[psdconverthtml.com/live/edupress/js/map.js]
[psdconverthtml.com/live/edupress/index-06.html]
[psdconverthtml.com/live/edupress/upload/demo_08.jpg]
[psdconverthtml.com/live/edupress/index-07.html]
[psdconverthtml.com/live/edupress/upload/demo_09.jpg]
[psdconverthtml.com/live/edupress/index-08.html]
[psdconverthtml.com/live/edupress/upload/course_01.jpg]
[psdconverthtml.com/live/edupress/upload/course_03.jpg]
[psdconverthtml.com/live/edupress/upload/course_06.jpg]
[psdconverthtml.com/live/edupress/upload/course_05.jpg]
[psdconverthtml.com/live/edupress/course-list.html]
[psdconverthtml.com/live/edupress/upload/course_07.jpg]
[psdconverthtml.com/live/edupress/upload/course_08.jpg]
[psdconverthtml.com/live/edupress/upload/testi_06.png]
[psdconverthtml.com/live/edupress/upload/course_11.jpg]
[psdconverthtml.com/live/edupress/upload/testi_05.png]
[psdconverthtml.com/live/edupress/course-grid.html]
[psdconverthtml.com/live/edupress/js/mason_03.js]
[psdconverthtml.com/live/edupress/course-filterable-3.html]
[psdconverthtml.com/live/edupress/js/mason_04.js]
[psdconverthtml.com/live/edupress/course-filterable-4.html]
[psdconverthtml.com/live/edupress/js/mason_05.js]
[psdconverthtml.com/live/edupress/course-filterable-5.html]
[psdconverthtml.com/live/edupress/course-sidebar.html]
[psdconverthtml.com/live/edupress/upload/student_01.a1.delayed]
[psdconverthtml.com/live/edupress/course-single.html]
[psdconverthtml.com/live/edupress/course-single-alt.html]
[psdconverthtml.com/live/edupress/course-quiz.html]
[psdconverthtml.com/live/edupress/shop-single.html]
[psdconverthtml.com/live/edupress/images/icons/payment_01.png]
[psdconverthtml.com/live/edupress/images/icons/payment_02.png]
[psdconverthtml.com/live/edupress/images/icons/payment_03.png]
[psdconverthtml.com/live/edupress/images/icons/payment_04.png]
[psdconverthtml.com/live/edupress/images/icons/payment_05.png]
[psdconverthtml.com/live/edupress/images/icons/payment_06.png]
[psdconverthtml.com/live/edupress/course-checkout.html]
[psdconverthtml.com/live/edupress/images/icons/award_01.png]
[psdconverthtml.com/live/edupress/images/icons/award_02.png]
[psdconverthtml.com/live/edupress/images/icons/award_03.png]
[psdconverthtml.com/live/edupress/images/icons/award_04.png]
[psdconverthtml.com/live/edupress/images/icons/award_05.png]
[psdconverthtml.com/live/edupress/images/icons/award_06.png]
[psdconverthtml.com/live/edupress/images/icons/award_07.png]
[psdconverthtml.com/live/edupress/images/icons/award_08.png]
[psdconverthtml.com/live/edupress/images/icons/award_09.png]
[psdconverthtml.com/live/edupress/member-profile.html]
[psdconverthtml.com/live/edupress/member-courses.html]
[psdconverthtml.com/live/edupress/member-achievements.html]
[psdconverthtml.com/live/edupress/upload/testi_07.png]
[psdconverthtml.com/live/edupress/upload/testi_08.png]
[psdconverthtml.com/live/edupress/member-messages.html]
[psdconverthtml.com/live/edupress/upload/testi_09.png]
[psdconverthtml.com/live/edupress/member-friends.html]
[psdconverthtml.com/live/edupress/member-profile-edit.html]
[psdconverthtml.com/live/edupress/member-login.html]
[psdconverthtml.com/live/edupress/member-register.html]
[psdconverthtml.com/live/edupress/upload/team_01.png]
[psdconverthtml.com/live/edupress/forum-single.html]
[psdconverthtml.com/live/edupress/blog-archive.html]
[psdconverthtml.com/live/edupress/page-about.html]
[psdconverthtml.com/live/edupress/upload/team_02.png]
[psdconverthtml.com/live/edupress/upload/pager_06.jpg]
[psdconverthtml.com/live/edupress/upload/team_03.png]
[psdconverthtml.com/live/edupress/forum.html]
[psdconverthtml.com/live/edupress/page-pricing.html]
[psdconverthtml.com/live/edupress/page-become-a-trainer.html]
[psdconverthtml.com/live/edupress/page-team.html]
[psdconverthtml.com/live/edupress/page-testimonials.html]
[psdconverthtml.com/live/edupress/upload/alignleft.png]
[psdconverthtml.com/live/edupress/upload/alignright.png]
[psdconverthtml.com/live/edupress/page.html]
[psdconverthtml.com/live/edupress/page-fullwidth.html]
[psdconverthtml.com/live/edupress/page-404.html]
[psdconverthtml.com/live/edupress/services.be.delayed]
[psdconverthtml.com/live/edupress/404.html]
[psdconverthtml.com/live/edupress/sitemap.html]
[psdconverthtml.com/live/edupress/page-sitemap.html]
[psdconverthtml.com/live/edupress/page-elements.html]
[psdconverthtml.com/live/edupress/upload/blog_small_01.jpg]
[psdconverthtml.com/live/edupress/upload/blog_small_03.jpg]
[psdconverthtml.com/live/edupress/upload/blog_small_04.jpg]
[psdconverthtml.com/live/edupress/upload/blog_small_05.jpg]
[psdconverthtml.com/live/edupress/upload/blog_small_07.jpg]
[psdconverthtml.com/live/edupress/blog.html]
[psdconverthtml.com/live/edupress/upload/blog_07.jpg]
[psdconverthtml.com/live/edupress/upload/blog_08.jpg]
[psdconverthtml.com/live/edupress/blog-1.html]
[psdconverthtml.com/live/edupress/blog-2.html]
[psdconverthtml.com/live/edupress/blog-3.html]
[psdconverthtml.com/live/edupress/blog-4.html]
[psdconverthtml.com/live/edupress/blog-single.html]
[psdconverthtml.com/live/edupress/blog-single-1.html]
[psdconverthtml.com/live/edupress/page-contact.html]
[psdconverthtml.com/live/edupress/images/icons/icon_03.png]
[psdconverthtml.com/live/edupress/images/icons/icon_04.png]
[psdconverthtml.com/live/edupress/upload/course_01.png]
[psdconverthtml.com/live/edupress/upload/testi_01.png]
[psdconverthtml.com/live/edupress/upload/testi_03.png]
[psdconverthtml.com/live/edupress/upload/testi_04.png]
[psdconverthtml.com/live/edupress/upload/blog_01.jpg]
[psdconverthtml.com/live/edupress/upload/blog_02.jpg]
[psdconverthtml.com/live/edupress/upload/blog_03.jpg]
[psdconverthtml.com/live/edupress/js/custom.js]
[psdconverthtml.com/live/edupress/fonts/glyphicons-halflings-regular.eot]
[psdconverthtml.com/live/edupress/fonts/glyphicons-halflings-regular.woff]
[psdconverthtml.com/live/edupress/fonts/glyphicons-halflings-regulard41d.eot]
[psdconverthtml.com/live/edupress/fonts/glyphicons-halflings-regular.ttf]
[psdconverthtml.com/live/edupress/js/all.js]
[psdconverthtml.com/live/edupress/css/font-awesome.min.css]
[psdconverthtml.com/live/edupress/fonts/open-iconic.woff]
[psdconverthtml.com/live/edupress/fonts/open-iconic.eot]
[psdconverthtml.com/live/edupress/fonts/open-iconic.ttf]
[psdconverthtml.com/live/edupress/fonts/open-iconic.otf]
[psdconverthtml.com/live/edupress/css/open-iconic.min.css]
[psdconverthtml.com/live/edupress/css/animate.css]
[psdconverthtml.com/live/edupress/css/owl.video.play.d5.delayed]
[psdconverthtml.com/live/edupress/css/carousel.css]
[psdconverthtml.com/live/edupress/css/bbpress.css]
[psdconverthtml.com/live/edupress/css/build/bigplay.png]
[psdconverthtml.com/live/edupress/css/build/background.png]
[psdconverthtml.com/live/edupress/css/build/loading.gif]
[psdconverthtml.com/live/edupress/css/build/controls.png]
[psdconverthtml.com/live/edupress/css/build/mediaelementplayer.min.css]
[psdconverthtml.com/live/edupress/images/icons/img/icon-email.html]
[psdconverthtml.com/live/edupress/images/icons/img/icon-lock.html]
[psdconverthtml.com/live/edupress/upload/demo_04.jpg]
[psdconverthtml.com/live/edupress/upload/course_04.jpg]
[psdconverthtml.com/live/edupress/upload/course_09.jpg]
[psdconverthtml.com/live/edupress/upload/course_02.jpg]
[psdconverthtml.com/live/edupress/upload/student_01.html]
[psdconverthtml.com/live/edupress/shop-single.html]
[psdconverthtml.com/live/edupress/services.html]
[psdconverthtml.com/live/edupress/404.html]
[psdconverthtml.com/live/edupress/sitemap.html]
[psdconverthtml.com/live/edupress/upload/course_12.jpg]
[psdconverthtml.com/live/edupress/upload/blog_small_02.jpg]
[psdconverthtml.com/live/edupress/upload/blog_small_06.jpg]
[psdconverthtml.com/live/edupress/about.html]
[psdconverthtml.com/live/edupress/upload/blog_small_08.jpg]
[psdconverthtml.com/live/edupress/upload/testi_02.png]
[psdconverthtml.com/live/edupress/fonts/glyphicons-halflings-regular.svg]
[psdconverthtml.com/live/edupress/fonts/fontawesome-webfont5b62.woff]
[psdconverthtml.com/live/edupress/fonts/fontawesome-webfont5b62.ttf]
[psdconverthtml.com/live/edupress/css/font-awesome.min.css]
[psdconverthtml.com/live/edupress/fonts/open-iconic.svg]
[psdconverthtml.com/live/edupress/css/owl.video.play.html]
[psdconverthtml.com/live/edupress/css/build/controls.svg]
[psdconverthtml.com/live/edupress/css/build/jumpforward.png]
[psdconverthtml.com/live/edupress/css/build/skipback.png]
[psdconverthtml.com/live/edupress/fonts/fontawesome-webfontd41d.eot]
[psdconverthtml.com/live/edupress/about.html]
[psdconverthtml.com/live/edupress/upload/course_10.jpg]
[psdconverthtml.com/live/edupress/upload/banner_02.jpg]
[psdconverthtml.com/live/edupress/fonts/glyphicons-halflings-regular.woff2]
[psdconverthtml.com/live/edupress/fonts/fontawesome-webfont5b62.html]
[psdconverthtml.com/live/edupress/fonts/fontawesome-webfont5b62.svg]
[psdconverthtml.com/live/edupress/css/build/bigplay.svg]
[psdconverthtml.com/live/edupress/elements.html]
[psdconverthtml.com/live/edupress/fonts/fontawesome-webfont5b62.eot]
[psdconverthtml.com/live/edupress/fonts/open-iconicd41d.eot]
